// Jest Snapshot v1, https://goo.gl/fbAQLP

exports[`check the snapshot 1`] = `
<div>
  <h1>
    Heading
  </h1>
  <p>
    Learn Angular
  </p>
</div>
`;
